#TYPE System.IO.FileInfo
"PSPath","PSParentPath","PSChildName","PSDrive","PSProvider","PSIsContainer","Mode","VersionInfo","BaseName","Target","LinkType","Name","Length","DirectoryName","Directory","IsReadOnly","Exists","FullName","Extension","CreationTime","CreationTimeUtc","LastAccessTime","LastAccessTimeUtc","LastWriteTime","LastWriteTimeUtc","Attributes"
"Microsoft.PowerShell.Core\FileSystem::C:\Users\champuser\SYS-320\week2\Extension.ps1","Microsoft.PowerShell.Core\FileSystem::C:\Users\champuser\SYS-320\week2","Extension.ps1","C","Microsoft.PowerShell.Core\FileSystem","False","-a----","File:             C:\Users\champuser\SYS-320\week2\Extension.ps1
InternalName:     
OriginalFilename: 
FileVersion:      
FileDescription:  
Product:          
ProductVersion:   
Debug:            False
Patched:          False
PreRelease:       False
PrivateBuild:     False
SpecialBuild:     False
Language:         
","Extension","System.Collections.Generic.List`1[System.String]",,"Extension.ps1","196","C:\Users\champuser\SYS-320\week2","C:\Users\champuser\SYS-320\week2","False","True","C:\Users\champuser\SYS-320\week2\Extension.ps1",".ps1","1/21/2026 1:51:51 PM","1/21/2026 6:51:51 PM","1/21/2026 1:53:21 PM","1/21/2026 6:53:21 PM","1/21/2026 1:53:21 PM","1/21/2026 6:53:21 PM","Archive"
"Microsoft.PowerShell.Core\FileSystem::C:\Users\champuser\SYS-320\week2\outfolder_creation.ps1","Microsoft.PowerShell.Core\FileSystem::C:\Users\champuser\SYS-320\week2","outfolder_creation.ps1","C","Microsoft.PowerShell.Core\FileSystem","False","-a----","File:             C:\Users\champuser\SYS-320\week2\outfolder_creation.ps1
InternalName:     
OriginalFilename: 
FileVersion:      
FileDescription:  
Product:          
ProductVersion:   
Debug:            False
Patched:          False
PreRelease:       False
PrivateBuild:     False
SpecialBuild:     False
Language:         
","outfolder_creation","System.Collections.Generic.List`1[System.String]",,"outfolder_creation.ps1","174","C:\Users\champuser\SYS-320\week2","C:\Users\champuser\SYS-320\week2","False","True","C:\Users\champuser\SYS-320\week2\outfolder_creation.ps1",".ps1","1/21/2026 1:59:13 PM","1/21/2026 6:59:13 PM","1/21/2026 1:59:19 PM","1/21/2026 6:59:19 PM","1/21/2026 1:59:19 PM","1/21/2026 6:59:19 PM","Archive"
